176503	1	1	leaves-no-8-5-graphic-element-designer-resources-leaf-flower-velvet-red-olive-green.png
151097	1	1	raindrops-rainbows-shadowed-stitched-stem-0-graphic-template-element-embellishment-stitch-sew-sewing.png
245077	1	1	vintage-memories-flower-sticker-01-graphic-flower-leaf-element-doodle-drawn-white-brown.png
108723	0	1	life-in-full-bloom-painted-pink-flower-6-graphic-art-journal-blossom-branch-brush-center-dainty.png
127407	1	1	ribbon-flower-template-016-graphic-element-embellishment-fabric-folded-silk-satin-rose-bud-rosette.png
134696	1	0	leaves-no-1-leaf-4-graphic-element-embellishment-dry-yellow-brown.png
253940	1	1	bright-cheerful-flower-07-graphic-leaf-element-green-blue-pink.png
170525	1	0	slice-of-summer-green-leaf-graphic-element-embellishment-textured-nature-paper.png
70577	0	1	shellhues1-large-flower-1-graphic-teal-coral-ivory.png
165201	0	1	flower-shape-mask-031-graphic-template-element-embellishment-shapemask-bloom-black.png
56686	0	1	paper-flower-template-06-graphic-flowers-folded-rolled-textured-tissue-crepe-embellishment-element.png
151207	1	1	stitch-doodle-template-032-graphic-element-embellishment-sew-sewing-thread-stem-flower-plant-leaf.png
81451	0	1	summer-splash-elements-yellow-crochet-flower-graphic-element-embellishment.png
18374	1	0	discover-leaf-small-gold-asset-shape-cutout-stamp-embellishment-stitches-brown.png
196082	1	0	leaves-no-10-leaf-02-template-graphic-branch-dry-greenery-layered-designer-resources-element-gray.png
245762	1	1	vintage-memories-genealogy-cluster-3-with-shadow-graphic-element-embellishment-leaf-flower-floral.png
253935	1	1	bright-cheerful-flower-09-graphic-element-leaf-yellow-green-blue.png
109747	0	1	flowers-no-10-flower-5-graphic-designer-resources-felt-element-orange.png
50937	0	1	blog-train-september-2014-ribbon-flower-button-asset-embellishment-retro-fair-carnival-fun-folded.png
192753	1	0	all-the-princesses-leaf-doodle-02-graphic-element-embellishment-illustration-drawing-hand-drawn.png
151099	1	1	raindrops-rainbows-shadowed-stitched-stem-04-graphic-template-element-embellishment-stitch-sew.png
151102	1	1	raindrops-rainbows-shadowed-stitched-stem-07-graphic-template-element-embellishment-stitch-sew.png
170484	0	1	love-knows-no-borders-mini-flower-layered-graphic-element-spring-summer-blue-pink-white.png
176327	1	1	mod-flower-03-graphic-dots-leaf-element-orange-green-olive-blue.png
74653	1	1	flower-doodle-template-018-graphic-illustration-drawing-hand-drawn-sketch-element-embellishment-stem.png
89246	1	0	leaf-054-template-graphic-element-gray.png
120661	0	1	flower-template-011-graphic-embellishment-element-floral-bloom-white-gray-black.png
176307	0	1	flowers-no-22-flower-2-graphic-element-designer-resources-hydrangea-velvet-burgundy-light-green.png
193583	1	0	all-the-princesses-leaf-cluster-02-graphic-element-embellishment-nature-yellow-green-brown.png
17733	0	1	cambodia-brown-glitter-flower-asset-embellishment-circle-grunge-white.png
76749	0	1	good-day-felt-flower-doodle-4-graphic-sketch-element-embellishment-drawing-hand-drawn-illustration.png
109750	1	1	flowers-no-10-flower-8-graphic-designer-resources-felt-element-leaf-green-lime.png
151145	1	1	stitch-doodle-template-022-graphic-element-embellishment-sew-sewing-thread-stem-flower-plant-leaf.png
202875	1	0	patterns-no-21-02-graphic-designer-resources-pattern-template-layered-paper-photoshop-christmas-leaf.jpg
7949	0	1	paper-flower-01-purple-glitter-asset-embellishment-hearts.png
106376	1	0	paint-stamp-template-357-graphic-toolbox-greenery-floral-leaf-leaves-branch-stem-plant-spring.png
30451	0	1	frozen-anise-001-asset-flower-embellishment-realistic-brown.png
253944	1	0	bright-cheerful-vine-03-graphic-leaf-ivy-element-green.png
52695	1	0	bolivia-mini-silk-leaves-asset-leaf-embellishment-fall-green.png
36539	0	1	quilted-with-love-modern-orange-stitched-felt-flower-asset-embellishment-floral-stitch-stitching.png
259295	1	0	a-night-in-october-leaf-02b-graphic-element-trail-green.png
151125	1	1	raindrops-rainbows-unshadowed-stitched-stem-11-graphic-template-element-embellishment-stitch-sew.png
92708	0	1	christmas-day-flower-165-graphic-element-gold.png
68343	0	1	nutcracker-red-flower-graphic-element-embelishment-petals-fabric-silk-chiffon-tulle.png
178923	1	1	apple-crisp-doodle-brad-disk-02-graphic-element-embellishment-round-vintage-decoration-cup-core-leaf.png
146765	0	1	spring-day-flower-word-art-graphic-element-embellishment-snippet-tag-strip-rectangle-saying-printing.png
182838	0	1	elegant-autumn-light-yellow-flower-graphic-element-embellishment-fabric-bloom-bud-tulle-netting-gold.png
139720	1	0	kenya-elements-leaf-2-graphic-african-travel-safari-animals-zoo-element-green.png
35650	1	1	quilted-with-love-vintage-bird-cluster-asset-ephemera-embellishment-quilt-quilting-sew-sewing.png
9532	0	1	paper-flower-09-teal-asset-embellishment.png
106299	1	0	paint-stamp-template-347-graphic-toolbox-greenery-floral-leaf-leaves-branch-stem-plant-spring.png
243488	1	0	simple-leaves-02-graphic-leaf-branch-flower-stem-element-green.png
7807	0	1	paper-flower-01-green-glitter-asset-embellishment-polka-dots.png
245756	1	0	vintage-memories-genealogy-cluster-1-no-shadow-graphic-element-embellishment-memories-lace-rue.png
155665	1	0	leaves-no-4-leaf-5-graphic-element-embellishment-greenery-green-light-white.png
245760	1	1	vintage-memories-genealogy-cluster-3-no-shadow-graphic-element-embellishment-leaf-flower-floral.png
741	0	1	brown-paper-flower-3-asset-embellishment-flowers-sparkle-tan.png
87270	0	1	strawberry-fields-journal-card-10-graphic-element-embellishment-flower-farm-yellow-green-white.jpg
176490	1	1	leaves-no-8-3-template-graphic-element-designer-resources-leaf-flower-velvet-gray.png
72378	1	1	woodland-winter-ornamental-doodle-5-graphic-flower-illustration-drawing-hand-drawn-sketch-nature.png
3766	0	1	cambodia-flower-set-4e-asset-embellishment-glitter-white-green-blue.png
196102	1	0	leaves-no-10-leaf-03-graphic-branch-dry-greenery-designer-resources-element-green.png
46132	1	0	many-thanks-leaf-asset-embellishment-silk-extracted-spring-nature-small-foliage-green.png
94552	1	0	leaf-heart-template-005-graphic-embellishment-element-nature-fall-cutout-frame-white-gray-black.png
44133	0	1	oh-baby-floral-stamp-asset-shape-cutout-embellishment-flower-round-frame-black.png
32708	0	1	egypt-flowers-yellow-asset-flower-embellishment-paper.png
245763	1	1	vintage-memories-genealogy-cluster-4-no-shadow-graphic-element-embellishment-leaf-flower-floral.png
42740	0	1	oh-baby-june-2014-blog-train-flower-asset-embellishment-button-yellow.png
151109	1	1	raindrops-rainbows-shadowed-stitched-stem-14-graphic-template-element-embellishment-stitch-sew.png
176330	1	1	mod-flower-06-graphic-dots-leaf-element-orange-yellow-olive-green-blue.png
54888	1	1	autumn-quote-word-art-template-fall-quotes-flower-leaf-leaves-spring.png
54925	0	1	atthefair-rosette-red-asset-flower-embellishment-rosette-star-red-yellow-orange-bronze.png
101844	0	1	crafty-evening-mini-crocheted-flower-graphic-spring-garden-knit-element-crochet-handmade.png
5288	0	1	flower-brad-01-asset-embellishment-dsf-2012-aug-blog-train-purple-pink-blue.png
221344	0	1	renaissance-faire-wired-flower-02-graphic-september-2019-blog-train-element-gold-purple-lavender.png
39092	0	1	lime-cardstock-flower-asset-embellishment-paper-sticker-doodle-drawing-yellow-green-pink.png
55415	1	1	garden-party-green-lace-asset-ribbon-embellishment-lacework-tatting-edge-trim-vintage-antique.png
70474	0	1	reflections-at-night-blue-fabric-flower-with-rhinestone-graphic-embellishment-element-light.png
25829	1	0	cardstock-leaf-template-001-embellishment-foliage-spring-textured.png
175819	1	1	fairy-dangle-graphic-flower-leaf-vine-element-green-blue-pink.png
127374	1	1	paint-stamp-template-401-graphic-petal-leaf-spring-flower-floral-bloom-blossom-painted-dainty.png
127371	0	1	paint-stamp-template-404-graphic-vine-greenery-swirl-spring-flower-floral-painted-dainty-delicate.png
173570	1	1	sunny-flare-01-graphic-element-embellishment-button-orange-yellow-green-blue.png
90270	0	1	ps-paulinethompson-bright-beautiful-flower-2-4-graphic-element-flower-purple.png
250205	1	1	barnyard-buddies-flower-01-graphic-element-plant-yellow-green.png
71777	1	0	colorabstract-leaf-1-graphic-leaf-silk-element-green.png
114994	0	1	summer-day-doodle-13-template-graphic-printable-hybrid-textured-element-stamp-flower-black.png
95886	1	0	falling-for-you-orange-leaf-1-graphic-element-embellishment-nature-fall-heart-cutout.png
129450	0	1	the-guys-flower-blue-graphic-element.png
163792	1	0	leaf-doodle-template-031-graphic-element-embellishment-illustration-drawing-hand-drawn-sketch.png
55039	1	0	maple-doodle-template-1-illustration-autumn-fall-canada-leaves-tree-rake.png
262896	1	1	cozy-at-home-cluster-1-no-shadow-graphic-love-coffee-tea-hot-drink-mug-heart-flower-floral-milk-cap.png
65519	1	0	the-nutcracker-holly-leaves-graphic-christmas-winter-plant-leaf-nature-element-foliage-embellishment.png
109524	0	1	paint-stamp-template-378-graphic-flower-petal-floral-plant-spring-blossom-dainty-delicate-element.png
93305	1	0	design-pieces-no-4-flower-2-graphic-leaf-fabric-element-green-olive.png
151130	1	1	raindrops-rainbows-unshadowed-stitched-stem-16-graphic-template-element-embellishment-stitch-sew.png
151110	1	1	raindrops-rainbows-shadowed-stitched-stem-15-graphic-template-element-embellishment-stitch-sew.png
212780	0	1	easter-layered-flower-paperclip-graphic-element-spring-purple.png
73023	1	0	leaf-044-template-graphic-element-gray.png
124909	0	1	tangible-hope-flower-6-graphic-element-brown.png
106056	1	0	paint-stamp-template-330-graphic-toolbox-greenery-floral-leaf-leaves-branch-stem-plant-spring.png
270263	1	1	healthy-measures-cluster-3-with-shadow-graphic-element-embellishment-flower-leaf-mask-ribbon.png
180578	0	1	may-good-life-luncheon-sunflower-graphic-element-embellishment-flower-ric-rac-peach-black.png
39744	0	1	sweet-dreams-felt-circles-blue-asset-other-embellishment-circle.png
109758	1	1	flowers-no-10-flower-6-white-graphic-designer-resources-felt-element-leaf.png
72437	0	1	jane-large-tan-fabric-flower-graphic-element.png
151107	1	1	raindrops-rainbows-shadowed-stitched-stem-12-graphic-template-element-embellishment-stitch-sew.png
270264	1	1	healthy-measures-cluster-4-no-shadow-graphic-element-embellishment-stay-tag-silk-paper-flower-bow.png
55412	1	1	garden-party-brown-lace-asset-ribbon-embellishment-lacework-tatting-edge-trim-vintage-antique.png
94499	0	1	christmas-day-elements-flower-01-black-graphic-floral-element-embellishment-poinsettia.png
105859	1	0	special-day-leaf3-graphic-element-leaf-green.png
151128	1	1	raindrops-rainbows-unshadowed-stitched-stem-14-graphic-template-element-embellishment-stitch-sew.png
257338	1	0	fall-black-orange-gingham-leaf-3-graphic-element-silver.png
12837	1	0	at-the-wadi-leaves-asset-flower-embellishment-mint-purple.png
176496	1	1	leaves-no-8-8-template-graphic-element-designer-resources-leaf-flower-velvet-gray.png
158154	1	0	elegant-autumn-teal-frosty-leaf-graphic-element-embellishment-nature-frost-plant.png
122224	1	1	country-wedding-leaf-cluster-graphic-flower-ribbon-bow-element-embellishment-garden-green-white.png
51501	1	0	summer-daydreams-pink-white-fabric-leafy-branch-asset-leaf-embellishment.png
13145	0	1	sofia-glitter-flower-blue-asset-embellishment-plastic.png
45639	0	1	space-explorer-little-black-flower-asset-embellishment.png
877	0	1	pink-flower-asset-embellishment-flowers.png
154666	1	0	independence-mini-2-leaf-graphic-4th-of-july-summer-holiday-fireworks-flag-day-veterans-patriotic.png
90851	0	1	strawberry-fields-red-fabric-flower-graphic-folded-rose-rosette-bloom-element-textile-solid.png
51405	0	1	summer-daydreams-pink-bud-asset-flower-embellishment-white-greenish.png
188570	1	0	good-life-april-2018-leaf-graphic-element-embellishment-nature-green.png
176300	0	1	flowers-no-22-flower-2-template-graphic-element-designer-resources-hydrangea-velvet-layered-gray.png
252138	1	1	nantucket-feeling-sail-away-cluster-4-no-shadow-graphic-element-embellishment-baker-s-twine-rope.png
261807	1	0	fall-papercraft-coffee-cup-graphic-element-paper-autumn-leaf-copper-white-brown-tan.png
103066	1	0	all-the-princesses-elements-leaves-2-graphic-element-embellishment-nature-leaf-green.png
94508	1	0	christmas-day-elements-leaf-01-graphic-element-embellishment-nature-green.png
55414	1	1	garden-party-dark-orange-lace-asset-ribbon-embellishment-lacework-tatting-edge-trim-vintage-antique.png
149013	1	1	raindrops-rainbows-tag-doodle-2-graphic-element-embellishment-illustration-drawing-hand-drawn-sketch.png
109821	1	0	christmas-day-sticker-holly-2-graphic-leaves-leaf-element-sticker-red-green-white.png
161016	0	1	flowers-no-19-flower-11-graphic-dry-hydrangea-element-green.png
253775	0	1	bright-cheerful-brad-04-graphic-flower-element-blue.png
109771	1	1	flowers-no-10-flower-9-black-graphic-designer-resources-felt-element-leaf.png
175273	0	1	apple-crisp-flower-doodle-clip-01-graphic-element-embellishment-fastener-paper-metal-blossom-yellow.png
176555	1	1	orange-flower-01-graphic-leaf-circle-element-green.png
66360	1	0	leaf-stamp-set-001kk-graphic-nature-brush-element-black.png
176892	1	0	leaves-07-03-template-graphic-designer-resources-element-leaf-gray.png
149281	0	1	raindrops-rainbows-dark-pink-flower-graphic-element-embellishment-bloom-floral-silk-pearl-white.png
15593	0	1	challenged-brad-flair-06-asset-embellishment-flower-lilac-purple-dark-blue-yellow.png
147456	0	1	scraps-4-flower-3-graphic-element-print-pink-light-tan.png
140062	0	1	secret-garden-elements-dried-flower-2-graphic-element-nature-summer-spring-floral-dry-lavender.png
258024	0	1	fall-sunflower-gingham-flower-4-graphic-element-white-silver-black.png
136516	1	0	raindrops-and-rainbows-watercolor-fantasy-leaf-graphic-element-green.png
151142	1	1	stitch-doodle-template-019-graphic-element-embellishment-sew-sewing-thread-stem-flower-plant-leaf.png
55138	1	0	autumn-art-watercolour-leaf-3-asset-embellishment-leaves-nature-fall-watercolor-painting-orange.png
75193	1	1	look-a-book-flower-doodle-1-graphic-sketch-element-embellishment-leaf-drawing-hand-drawn.png
168115	1	1	flower-doodle-template-074-graphic-element-embellishment-illustration-drawing-hand-drawn-sketch.png
69714	1	0	leaf-cluster-template-03-graphic-leaves-foliage-fall-autumn-spring-nature-garden-silk-extracted.png
23326	0	1	mix-match-green-flower-sticker-asset-embellishment-white.png
116125	1	0	yesteryear-orange-leaf-graphic-element-embellishment-vintage-heritage.png
148632	0	1	do-the-zoo-flower-3-graphic-element-orange-peach-lime-green.png
52931	1	0	cast-a-spell-hexagons-template-other-embellishment-hexagon-leaf-paper-autumn.jpg
176000	1	0	tweet-love-branch-graphic-vine-leaf-element-beige.png
2386	1	0	flowers18-leaf-1-asset-flower-embellishment-leaves-glitter-cambodia-pink.png
56991	1	0	autumnart-journalcard11-graphic-element-journal-card-leaf-words-washi-tape-autumn-art-white-black.png
54867	1	0	autumn-art-drawn-leaf-1-stamp-asset-shape-cutout-embellishment-nature-leaves-fall-doodled-modern.png
151126	1	1	raindrops-rainbows-unshadowed-stitched-stem-12-graphic-template-element-embellishment-stitch-sew.png
151127	1	1	raindrops-rainbows-unshadowed-stitched-stem-13-graphic-template-element-embellishment-stitch-sew.png
55129	1	0	autumn-art-drawn-leaf-3-stamp-asset-embellishment-leaves-nature-fall-black.png
55932	0	1	flower-template-75-graphic-element-gray.png
109751	1	1	flowers-no-10-flower-9-graphic-designer-resources-felt-element-leaf-brown.png
151124	1	1	raindrops-rainbows-unshadowed-stitched-stem-10-graphic-template-element-embellishment-stitch-sew.png
44750	0	1	oh-baby-baby-cream-lace-asset-border-embellishment-lacework-tatting-edge-trim-vintage-antique.png
109158	1	0	brooch-template-037-graphic-element-embellishment-bead-jewelry-fancy-ornate-vintage-decoration-leaf.png
120438	1	0	leaf-doodle-template-015-graphic-element-embellishment-illustration-drawing-hand-drawn-sketch.png
17727	1	0	cambodia-pink-leaf-asset-flower-embellishment-polka-dots-brown-green.png
38838	1	0	leaf-015-asset-embellishment-silk-green.png
106748	0	1	paint-stamp-template-306-graphic-toolbox-flower-floral-highlight-plant-spring-blossom-dainty.png
151203	1	1	stitch-doodle-template-028-graphic-element-embellishment-sew-sewing-thread-stem-flower-plant-leaf.png
63111	0	1	birthday-wishes-red-paper-flower-with-button-graphic-element.png
60885	1	0	vintage-memories-genealogy-cluster-2-no-shadow-graphic-element-embellishment-leaf-ribbon-flower.png
93135	0	1	ps-paulinethompson-bright-beautiful-flower-peice-4-3-graphic-element-flower-transparent.png
163201	1	0	ps-paulinethompson-bloom-leaf-2-sticker-graphic-element-leaf-puffy-sticker-green.png
61119	1	1	chills-thrills-red-flower-01-graphic-paper-folded-rolled-tissue-crepe-rose-rosette-bud-leaf-leaves.png
195385	0	1	all-the-princesses-flower-doodle-clip-16-graphic-element-embellishment-fastener-paper-metal-tulip.png
106048	1	0	paint-stamp-template-322-graphic-toolbox-greenery-floral-leaf-leaves-branch-stem-plant-spring.png
206812	0	1	apple-crisp-flower-charm-06-graphic-element-embellishment-button-brad-pin-enamel-metallic-jewelry.png
209063	1	1	delightful-days-green-strawberry-leaf-flower-graphic-nature-plant-spring-element-embellishment.png
127365	1	1	paint-stamp-template-399-graphic-petal-leaf-spring-flower-floral-bloom-blossom-painted-dainty.png
104915	0	1	flower-2-graphic-spring-element-daisy-yellow-white.png
155683	0	1	flowers-no-18-flower-4-graphic-element-embellishment-paper-white.png
76825	0	1	happybirthday-flower-5-graphic-element-flower-yellow-green-white.png
130873	1	0	leaf-template-052-graphic-embellishment-element-nature-fall-paper-ephemera-vintage-retro-christmas.png
60532	0	1	chills-thrills-green-paper-flower-graphic-folded-rolled-tissue-crepe-rose-rosette-embellishment.png
194889	0	1	watercolor-8-flower-13-color-graphic-element-blended-orange-peach.png
148758	1	0	do-the-zoo-leaf-branch-graphic-patterned-element-lime-green-light-dark.png
31376	1	0	sweet-valentine-leafy-branch-asset-leaf-embellishment-green.png
176499	1	1	leaves-no-8-1-graphic-element-designer-resources-leaf-flower-velve-red-olive-green.png
29486	1	0	simple-pleasures-orange-leaf-asset-embellishment.png
45201	1	0	sand-and-beach-fern-leaf-asset-embellishment-summer-vacation-green.png
250206	1	1	barnyard-buddies-flower-02-graphic-plant-element-leaf-yellow-green.png
28898	0	1	grandma-s-kitchen-journal-card-05-asset-embellishment-recipe-food-fruit-cooking-baking-vintage-cards.jpg
161709	0	1	tea-toast-elements-layered-flower-1-graphic-element-baby-kids-winter-fall-red-peach-brown.png
37264	0	1	tulle-flower-template-02-embellishment-country-wedding.png
216952	0	1	bohemian-rhapsody-flower-5-graphic-gypsy-paint-element-yellow.png
4703	0	1	bedouin-flower-green-asset-embellishment-bedouin-nights-kit.png
151148	1	1	stitch-doodle-template-025-graphic-element-embellishment-sew-sewing-thread-stem-flower-plant-leaf.png
165894	0	1	enjoy-each-moment-card-06-graphic-element-journal-pocket-flower-orange-yellow-teal-white.png
130881	1	0	leaf-template-058-graphic-embellishment-element-nature-fall-paper-ephemera-vintage-retro-christmas.png
176077	0	1	apple-crisp-yellow-flower-brad-graphic-element-embellishment-fastener-round-metal-vintage-decoration.png
79239	0	1	shine-little-pink-flower-graphic-element-embellishment-gem-white.png
176505	1	1	leaves-no-8-7-graphic-element-designer-resources-leaf-flower-velvet-red-olive-green.png
34051	0	1	lil-monster-blue-green-accordian-paper-flower-asset-embellishment.png
137634	1	1	memories-and-traditions-white-flower-cluster-graphic-element-embellishment-floral-leaves-leaf.png
176471	1	1	flowers-no-23-flower-8-template-graphic-element-designer-resources-fabric-leaf-gray.png
177463	1	0	spring-days-leaf-element-graphic-foliage-green.png
186177	1	0	spring-day-templates-leaf-graphic-element-embellishment-template-nature-gray.png
154212	1	0	pumpkin-spice-print-circle-3-graphic-element-leaf-polka-dot-fall-autumn-red-light-green-blue.png
176491	1	1	leaves-no-8-4-template-graphic-element-designer-resources-leaf-flower-velvet-gray.png
50959	1	0	summer-daydreams-craft-leaf-02-asset-embellishment.png
151120	1	1	raindrops-rainbows-unshadowed-stitched-stem-06-graphic-template-element-embellishment-stitch-sew.png
270258	1	1	healthy-measures-cluster-1-no-shadow-graphic-element-embellishment-frame-washing-hands-bow-flower.png
265002	0	1	the-good-life-december-2020-christmas-elements-flower-02-graphic-button-element-lime-green-gray.png
109772	1	1	flowers-no-10-flower-10-black-graphic-designer-resources-felt-element-leaf.png
18330	1	1	flower-set-08h-graphic-leaf-bordered-paper-embellishment-template-element-gray.png
40796	1	0	mexico-leaf-001b-graphic-leaves-extraction-embellishment-element-green.png
118096	1	1	picnic-day-flower-doodle-2-graphic-illustration-drawing-hand-drawn-sketch-element-embellishment-leaf.png
151122	1	1	raindrops-rainbows-unshadowed-stitched-stem-08-graphic-template-element-embellishment-stitch-sew.png
184500	0	1	flowers-no-25-03-template-graphic-designer-resources-flower-daisy-element-gray.png
151206	1	1	stitch-doodle-template-031-graphic-element-embellishment-sew-sewing-thread-stem-flower-plant-leaf.png
66731	0	1	nutcracker-doodle-frame-graphic-element-swirl-spiral-flower-silver-metal-wire-red.png
185350	1	0	unwind-ephemera-13-graphic-kraft-element-leaf-monstera-brown.png
54110	1	1	pond-life-greenery-border-asset-embellishment-ponds-nature-outdoors-summer-spring-walk-june-2013.png
205619	1	0	sweet-valentine-vine-graphic-leaf-element-teal.png
149473	0	1	garden-tales-stamp-flower-graphic-element-embellishment-brown.png
91623	1	0	thankful-harvest-journal-card-07-4x4-graphic-element-fall-thanksgiving-yellow-blue-purple-white.png
209041	0	1	delightful-days-light-blue-flower-graphic-silk-element-embellishment.png
130659	1	0	leaf-template-050-graphic-embellishment-element-nature-fall-holly-berry-plastic-christmas-gray-black.png
108663	1	1	life-in-full-bloom-painted-branch-4-graphic-art-journal-brush-center-dainty-delicate-element.png
109760	1	1	flowers-no-10-flower-8-white-graphic-designer-resources-felt-element-leaf.png
178869	0	1	apple-crisp-blossom-brad-disk-02-graphic-element-embellishment-round-vintage-decoration-flower.png
109748	1	1	flowers-no-10-flower-6-graphic-designer-resources-felt-element-leaf-green.png
113025	0	1	peachy-keen-flower6-graphic-element-flower-tan.png
262904	1	1	cozy-at-home-cluster-5-no-shadow-graphic-element-embellishment-tag-vintage-advertisement-flower.png
176488	1	1	leaves-no-8-1-template-graphic-element-designer-resources-leaf-flower-velvet-gray.png
194626	1	0	last-fall-leaf-graphic-paper-element-embellishment-brown.png
256054	1	0	furry-cuddles-leaf-1-graphic-element-embellishment-floral-oak-green-tan.png
89243	1	0	leaf-074-template-graphic-element-gray.png
193348	1	0	all-the-princesses-leaf-cluster-graphic-element-embellishment-nature-green-lime.png
176486	1	1	flowers-no-23-flower-8-graphic-element-designer-resources-fabric-leaf-green.png
189712	1	0	daisy-leaves-2-graphic-leaf-element-embellishment-green.png
167986	1	0	leaf-template-115-graphic-element-embellishment-textured-nature-gray-black.png
269665	0	1	flowers-no-29-11-graphic-flower-bloom-erodium-fresh-designer-resources-element-light-pink.png
19822	1	0	crisp-fall-air-leaves-yellow-asset-scatter-embellishment-leaf-green.png
10251	0	1	silver-flower-asset-embellishment.png
93463	0	1	ps-paulinethompson-bright-beautiful-ribbon-flower-1-graphic-element-ribbon-yellow.png
167565	0	1	clip-doodle-template-021-graphic-element-embellishment-illustration-drawing-hand-drawn-sketch.png
176881	1	0	leaves-07-08-graphic-element-leaf-green.png
114997	0	1	summer-day-doodle-16-template-graphic-printable-hybrid-textured-element-stamp-flower-black.png
193864	0	1	all-the-princesses-yellow-flower-04-graphic-element-embellishment-bloom-gold-cream.png
47997	0	1	flower-067-template-embellishment-silk-flowers-extraction-with-center.png
35502	1	0	ribbon-leaf-01-asset-embellishment-extracted-shiny-fall-autumn-spring-summer-nature-plant-flower.png
19818	1	0	crisp-fall-air-leaf-08-asset-illustration-leaves-orange-brown-green.png
102392	0	1	toolbox-calendar-june-doodle-date-tag-2-graphic-month-day-week-pointer-flag-illustration-drawing.png
54624	1	1	lace-template-007-ribbon-embellishment-lacework-tatting-edge-trim-vintage-antique-scallop-flower.png
139334	1	1	vintage-image-misc-3-flower-graphic-element-stamp-illustration-black.png
38232	0	1	earth-day-mini-purple-3d-flower-asset-embellishment-spring-nature-cardboard-corrugated.png
10937	0	1	p-g-flower-brad-19-asset-embellishment-brown-purple-white.png
68301	0	1	the-nutcracker-mini-1-gold-brooch-bow-graphic-charm-vintage-retro-jewelry-ribbon-element.png
91608	1	0	thankful-harvest-journal-card-02-4x4-graphic-element-fall-thanksgiving-brown.png
5625	1	0	very-tiny-transparent-tab-leaf-asset-tag-embellishment-glitter-transparency-birds-snow-kit-orange.png
66328	1	0	leaf-stamp-set-001f-graphic-template-nature-brush-element-black.png
75032	0	1	look-a-book-white-button-graphic-buttons-vintage-round-plastic-flower-sewing-retro-fastener-element.png
109749	0	1	flowers-no-10-flower-7-graphic-designer-resources-felt-element-yellow.png
55413	1	1	garden-party-cream-lace-asset-ribbon-embellishment-lacework-tatting-edge-trim-vintage-antique.png
10450	0	1	p-g-flower-02-asset-embellishment-polka-dots-glitter-purple.png
84723	1	0	summer-splash-leaf-2-graphic-element-embellishment-nature-foliage-green.png
195187	0	1	all-the-princess-flower-wood-bit-11-graphic-element-embellishment-stem-tan.png
111535	1	0	a-mother-s-love-leaf-graphic-embellishment-element-nature-fall-textured-foliage-green.png
4124	1	0	bronze-leaf-03-asset-metal-embellishment-fall-brown.png
151108	1	1	raindrops-rainbows-shadowed-stitched-stem-13-graphic-template-element-embellishment-stitch-sew.png
271990	1	0	vertical-border-cluster-with-shadows-graphic-element-charm-leaf-orange-yellow-green-white-gray-brown.png
162598	0	1	ps-paulinethompson-bloom-jc3-4x6-graphic-element-journal-card-flower-red-green-blue-light.jpg
18327	1	1	flower-set-08e-graphic-leaf-polka-dots-paper-embellishment-template-element-gray.png
176655	1	0	apple-crisp-leaf-doodle-03-graphic-drawing-illustration-wire-metal-orchard-fall-autumn-outdoors.png
196160	1	0	leaves-no-09-04-graphic-element-leaf-ajuga-yellow-dark-green.png
115915	1	1	flower-doodle-template-041-graphic-illustration-drawing-hand-drawn-sketch-element-embellishment-leaf.png
74986	1	1	look-a-book-red-flower-doodle-2-graphic-sketch-drawing-hand-drawn-illustration-element-embellishment.png
176493	1	1	leaves-no-8-6-template-graphic-element-designer-resources-leaf-flower-velvet-gray.png
228261	0	1	red-gemstone-flower-02-graphic-gem-heart-element.png
117415	0	1	picnic-day-red-button-3-graphic-buttons-sewing-notion-square-glossy-ornate-retro-fastener-element.png
151129	1	1	raindrops-rainbows-unshadowed-stitched-stem-15-graphic-template-element-embellishment-stitch-sew.png
18337	1	1	discover-circle-brown-asset-flower-embellishment-hearts-leaf-cream.png
182786	0	1	elegant-autumn-blue-rosette-graphic-element-embellishment-fabric-flower-bloom-bud-solid-rose.png
22472	0	1	no-tricks-just-treats-accordion-burlap-flower-template-embellishment-accordian.png
176332	1	1	mod-flower-08-graphic-dots-leaf-element-orange-yellow-mint-green-brown.png
3761	1	1	notebook-leaf-5-asset-shape-cutout-stamp-embellishment-grid-leaves-flower-cambodia-tan.png
106777	0	1	paint-stamp-template-192-graphic-toolbox-flower-petal-floral-plant-spring-blossom-dainty-delicate.png
160992	1	0	flowers-no-19-leaf-2-graphic-dry-hydrangea-element-green.png
183046	0	1	day-of-thanks-dark-teal-accordion-flower-graphic-element-embellishment-bloom-paper-cardstock.png
261795	1	1	orchard-traditions-cluster-2-graphic-element-embellishment-frame-fruit-trees-days-pumpkin-apple-leaf.png
245759	1	1	vintage-memories-genealogy-cluster-2-with-shadow-graphic-element-embellishment-leaf-ribbon-love.png
250272	1	0	barnyard-buddies-leaf-04-graphic-element-green.png
89252	1	0	leaf-060-template-graphic-element-gray.png
36135	1	1	oh-lucky-day-light-teal-polkadot-clover-asset-leaf-embellishment-flower.png
176501	1	1	leaves-no-8-3-graphic-element-designer-resources-leaf-flower-velvet-red-olive-green.png
226372	1	0	autumn-bramble-tan-fern-graphic-element-embellishment-leaf-floral.png
122849	1	0	leaf-stamp-template-005-graphic-element-embellishment-brush-illustration-nature-maple-black.png
151123	1	1	raindrops-rainbows-unshadowed-stitched-stem-09-graphic-template-element-embellishment-stitch-sew.png
66324	1	0	leaf-stamp-set-001ddd-graphic-template-nature-brush-element-black.png
152102	1	0	fall-flurry-green-felt-leaf-graphic-element-embellishment.png
85778	1	1	a-bug-s-world-bugs-and-flower-cluster-graphic-element-embellishment-insects-nature-outdoors.png
246669	1	0	bearly-spring-leaf-01-graphic-greenery-element-green.png
195561	0	1	all-the-princesses-painted-pink-flower-02-graphic-element-embellishment-watercolor-bloom-stem-green.png
223333	1	1	lavender-leaf-2-graphic-wood-flower-element-green-brown.png
176897	1	0	leaves-07-08-template-graphic-designer-resources-element-leaf-gray.png
18345	1	1	discover-circle-yellow-leaves-asset-flower-embellishment-hearts-leaf-brown.png
123210	1	0	softly-falling-felt-doodle-5-graphic-element-leaf-cream.png
176507	1	1	leaves-no-8-9-graphic-element-designer-resources-leaf-flower-velvet-red-olive-green.png
268289	1	0	everyday-is-caturday-flowers-leaf-05-graphic-element-yellow-green-gray.png
176504	1	1	leaves-no-8-6-graphic-element-designer-resources-leaf-flower-velvet-red-olive-green.png
37607	1	0	leaf-005-illustration-template.png
151150	1	1	stitch-doodle-template-027-graphic-element-embellishment-sew-sewing-thread-stem-flower-plant-leaf.png
89052	1	0	strawberry-fields-green-leaf-graphic-element-embellishment-foilage.png
196092	1	0	leaves-no-10-leaf-04-template-graphic-branch-dry-greenery-layered-designer-resources-element-gray.png
41471	1	0	one-stop-bunting-shop-leaf-asset-embellishment-silk-extracted-fall-autumn-spring-nature-small-green.png
183452	0	1	day-of-thanks-teal-accordion-flower-graphic-element-embellishment-bloom-paper-cardstock.png
30669	0	1	red-buttons-button-02-asset-embellishment-flower.png
18328	1	1	flower-set-08f-graphic-leaf-floral-paper-embellishment-template-element-gray.png
95818	1	0	falling-for-you-green-leaf-4-graphic-element-embellishment-nature-fall-heart-cutout-yellow.png
216674	0	1	school-fun-flower-2-graphic-education-teacher-element-red-orange-green-teal-white-brown-tan.png
185546	0	1	organized-mess-elements-metal-flower-graphic-element-fastener-gold.png
261800	1	1	orchard-traditions-cluster-3-with-shadow-graphic-element-embellishment-frame-bow-ribbon-leaf-fall.png
127373	1	1	paint-stamp-template-402-graphic-petal-leaf-spring-flower-floral-bloom-blossom-painted-dainty.png
118350	1	1	flower-doodle-template-049-graphic-element-embellishment-illustration-drawing-hand-drawn-sketch-leaf.png
108868	1	0	autumn-day-stamp-leaf-large-graphic-element-embellishment-distressed-black.png
176506	1	1	leaves-no-8-8-graphic-element-designer-resources-leaf-flower-velvet-red-olive-green.png
151106	1	1	raindrops-rainbows-shadowed-stitched-stem-11-graphic-template-element-embellishment-stitch-sew.png
36427	1	0	quilted-with-love-modern-green-fabric-leaf-2-asset-embellishment-foliage-spring-cardstock-textured.png
262906	1	1	cozy-at-home-cluster-5-with-shadow-graphic-element-embellishment-tag-vintage-advertisement-flower.png
262900	1	1	cozy-at-home-cluster-3-no-shadow-graphic-element-embellishment-frame-flower-floral-square-photo.png
127372	1	1	paint-stamp-template-403-graphic-petal-leaf-spring-flower-floral-bloom-blossom-painted-dainty.png
247121	0	1	retro-picnic-light-blue-flower-graphic-element-embellishment-floral-felt-fabric-green.png
47993	0	1	flower-060-template-embellishment-silk-flowers-extraction.png
38381	1	0	butterfly-bottle-cap-brad-asset-embellishment-recycled-nature-leaf-green-yellow-silver.png
108676	1	1	life-in-full-bloom-painted-leaf-2-graphic-art-journal-blossom-branch-brush-center-dainty-delicate.png
152160	1	0	leaves-no-3-leaf-1-template-graphic-designer-resource-element-embellishment-gray.png
108660	1	1	life-in-full-bloom-painted-branch-2-graphic-art-journal-brush-center-dainty-delicate-element.png
85574	1	0	scotland-leaf-3-graphic-element-green.png
272340	0	1	purple-orange-pink-flower-cluster-graphic-circle-element-orange-purple.png
59346	1	1	winter-arabesque-mini-5-point-leaf-graphic-snow-holiday-flower-silk-flowers-element-blue.png
87252	0	1	good-day-veneer-flower-graphic-element-embellishment-wood-grain-wooden-floral-yellow.png
151105	1	1	raindrops-rainbows-shadowed-stitched-stem-10-graphic-template-element-embellishment-stitch-sew.png
127375	1	1	paint-stamp-template-400-graphic-petal-leaf-spring-flower-floral-bloom-blossom-painted-dainty.png
144796	0	1	lavender-cluster-graphic-element-flower-lace-green-blue-purple-white.png
53656	1	0	summer-field-leaves-asset-leaf-embellishment-nature-foliage-plant-green-brown.png
94589	1	0	leaf-template-034-graphic-embellishment-element-nature-fall-heart-cutout-white-gray-black.png
151144	1	1	stitch-doodle-template-021-graphic-element-embellishment-sew-sewing-thread-stem-flower-plant-leaf.png
81051	1	1	winter-arabesque-frame-graphic-floral-flowers-vine-flower-leaves-leaf-snow-snowflakes-ballet-dance.png
87919	0	1	ps-paulinethompson-masculine2-flower-2-graphic-element-flower-orange.png
216712	0	1	old-farmhouse-elements-light-blue-flower-graphic-element-embellishment-shabby-chic-vintage-home-farm.png
155734	1	0	free-spirit-elements-leaf-1-graphic-element-purple-pink.png
96150	1	0	falling-for-you-yellow-leaf-4-graphic-element-embellishment-fall-heart-cut-out.png
216950	0	1	bohemian-rhapsody-flower-3-graphic-gypsy-paint-element-orange-yellow.png
89239	1	0	leaf-070-template-graphic-element-gray.png
245764	1	1	vintage-memories-genealogy-cluster-4-with-shadow-graphic-element-embellishment-leaf-flower-floral.png
19773	0	1	pretty-things-fabric-flower-asset-embellishment-polka-dot-orange-white-black.png
108675	1	1	life-in-full-bloom-painted-leaf-1-graphic-art-journal-blossom-branch-brush-center-dainty-delicate.png
55411	1	1	garden-party-blue-lace-asset-ribbon-embellishment-lacework-tatting-edge-trim-vintage-antique-scallop.png
245079	1	1	vintage-memories-flower-sticker-02-graphic-flower-leaf-element-doodle-drawn-white-brown.png
37939	1	1	quilted-with-love-rose-floral-ribbon-asset-embellishment-edge-trim-vintage-border-flower-leaf-fancy.png
151116	1	1	raindrops-rainbows-unshadowed-stitched-stem-02-graphic-template-element-embellishment-stitch-sew.png
89238	1	0	leaf-069-template-graphic-element-gray.png
196167	1	0	leaves-no-09-02-template-graphic-element-leaf-ajuga-gray.png
2334	0	1	cambodia-paper-flower-2-asset-embellishment-2011-yellow.png
67398	1	0	gold-foil-leaf-01-graphic-element.png
109762	1	1	flowers-no-10-flower-10-white-graphic-designer-resources-felt-element-leaf.png
171405	1	0	slice-of-summer-leaf-doodle-4-graphic-doodles-drawings-illustrations-sketches-metal-element-yellow.png
105987	1	0	paint-stamp-template-313-graphic-toolbox-greenery-floral-leaf-leaves-branch-stem-plant-spring.png
64509	0	1	lovestruck-red-flower-graphic-element-heart-fabric-pearl-center-love-valentine-white.png
42342	1	0	hello-leaf-asset-embellishment-silk-extracted-fall-autumn-spring-nature-small-green.png
228340	1	0	arty-foliage-graphic-leaf-element-light-green-blue.png
103725	1	1	crochet-flowers-no-2-templates-leaf-02-graphic-template-element-flower-leaves-handmade-spring-gray.png
252135	1	1	nantucket-feeling-sail-away-cluster-2-with-shadow-graphic-element-embellishment-baker-s-twine-anchor.png
89210	0	1	flower-139-template-graphic-element-gray.png
155165	0	1	day-of-thanks-elements-flower-3-sticker-graphic-element-glitter-blue-purple-pink-white.png
253942	1	1	bright-cheerful-flower-11-graphic-leaf-element-green-purple-pink.png
87153	1	0	autumn-day-elements-word-art-no-texture-every-leaf-graphic-typewritten-cut-paper-element.png
176500	1	1	leaves-no-8-2-graphic-element-designer-resources-leaf-flower-velvet-red-olive-green.png
60790	1	1	fall-into-autumn-second-spring-word-art-graphic-quotes-flower-leaf-leaves-element-red-orange-yellow.png
4981	0	1	spring-fields-flower-02-asset-embellishment-tag-spring-fields-kit-pink-white.png
22598	0	1	no-tricks-just-treats-vintage-white-writing-flower-asset-embellishment.png
176498	1	1	leaves-no-8-9-template-graphic-element-designer-resources-leaf-flower-velvet-gray.png
52409	1	0	brushes-png-s-leaf-02-template-stamp-brush.png
18766	0	1	flower-set-12e-graphic-radiating-embellishment-template-element-gray.png
17874	1	1	flower-set-06g-template-embellishment-leaf.jpg
252143	0	1	nantucket-feeling-sail-away-cluster-5-tag-with-shadow-graphic-element-embellishment-baker-s-twine.png
144565	1	0	home-is-leaf-graphic-element-embellishment-glitter-white-silver.png
172631	0	1	wet-spring-flower-1-graphic-element-yellow-green-white.png
176876	1	1	dogwood-flower-02-graphic-leaf-element-green-white.png
270260	1	1	healthy-measures-cluster-2-no-shadow-graphic-element-embellishment-frame-washing-hands-bow-flower.png
66330	1	0	leaf-stamp-set-001h-graphic-template-nature-brush-element-black.png
272406	0	1	chicken-keeper-element-flower-red-graphic-embellishment.png
34330	1	0	ribbon-leaf-template-02-embellishment-extracted-shiny-fall-autumn-spring-summer-nature-plant-flower.png
25808	1	0	pressed-leaf-02-asset-embellishment-plant-dried-green.png
151210	1	1	stitch-doodle-template-035-graphic-element-embellishment-sew-sewing-thread-stem-flower-plant-leaf.png
151112	1	1	raindrops-rainbows-shadowed-stitched-stem-17-graphic-template-element-embellishment-stitch-sew.png
257244	1	0	fall-black-orange-gingham-leaf-2-graphic-element-silver.png
85603	0	1	scotland-stamp-001n-graphic-element-template-ephemera-black.png
132318	0	1	cozy-day-flower-sticker-1-graphic-element-embellishment-flowers-paper-illustration-drawing-yellow.png
176326	1	1	mod-flower-02-graphic-dots-leaf-element-orange-yellow-green-olive.png
151671	0	1	flowers-no-17-flower-08-graphic-designer-resource-element-embellishment-white.png
131413	0	1	donut-worry-pink-flower-graphic-element.png
175830	1	0	fairy-vine-graphic-leaf-nature-element-green.png
151205	1	1	stitch-doodle-template-030-graphic-element-embellishment-sew-sewing-thread-stem-flower-plant-leaf.png
95817	1	0	falling-for-you-brow-leaf-heart-4-graphic-element-embellishment-fall-nature-brown.png
151132	1	1	raindrops-rainbows-unshadowed-stitched-stem-18-graphic-template-element-embellishment-stitch-sew.png
204821	0	1	mermaid-flower-05-graphic-pearl-element-embellishment-blue-white.png
151100	1	1	raindrops-rainbows-shadowed-stitched-stem-05-graphic-template-element-embellishment-stitch-sew.png
151208	1	1	stitch-doodle-template-033-graphic-element-embellishment-sew-sewing-thread-stem-flower-plant-leaf.png
1572	0	1	fancy-flower-2-graphic-plastic-embellishment-template-element-rose-button-acrylic-white.png
76740	0	1	good-day-felt-flower-doodle-6-graphic-sketch-drawing-hand-drawn-illustration-element-embellishment.png
168283	1	0	leaf-doodle-template-040-graphic-element-embellishment-illustration-drawing-hand-drawn-sketch-holly.png
109761	1	1	flowers-no-10-flower-9-white-graphic-designer-resources-felt-element-leaf.png
74971	1	1	look-a-book-orange-flower-doodle-graphic-sketch-drawing-hand-drawn-illustration-element.png
37536	0	1	clover-accordion-flower-template-004-embellishment-st-patricks-day-lucky-luck-irish-ireland-shamrock.png
177515	1	1	dogwood-tree-graphic-flower-leaf-element-green-white-brown.png
44736	1	0	oh-baby-baby-brown-craft-leaf-asset-embellishment.png
95902	1	0	falling-for-you-brown-leaf-4-graphic-element-embellishment-nature-heart-cut-out.png
109768	1	1	flowers-no-10-flower-6-black-graphic-designer-resources-felt-element-leaf.png
26611	0	1	turkey-time-berry-branch-asset-flower-embellishment-autumn-fall-thanksgiving-berries-burgandy-brown_0.png
96160	1	0	falling-for-you-yellow-leaf-heart-4-graphic-element-embellishment-fall-nature.png
75106	1	0	owl-family-leaves-1-graphic-element-leaf-green-brown.png
151117	1	1	raindrops-rainbows-unshadowed-stitched-stem-03-graphic-template-element-embellishment-stitch-sew.png
85101	0	1	work-day-cream-flower-graphic-button-rose-porcelain-antique-element-embellishment-floral-rosette.png
162080	1	0	autumn-art-leaf-04-graphic-fall-element-purple.png
43798	0	1	flower-center-4-template-embellishment-flowers-floral-silk-sunflower.png
176459	0	1	flowers-no-23-flower-1-template-graphic-element-designer-resources-fabric-gray.png
212674	0	1	singin-in-the-rain-elements-polkadot-flower-graphic-element-embellishment-ribbon-light-blue-white.png
36296	0	1	flower-stitching-template-003-stitches-embellishment-quilt-quilting-sew-sewing-thread-stitch.png
15733	0	1	flower-set-01d-felt-graphic-stitching-embellishment-template-element-gray.png
124686	1	0	back-to-nature-green-leaf-4-graphic-element-embellishment-doodle-rustic-light-silver.png
46058	1	0	independence-leaf-asset-embellishment-extracted-fall-autumn-spring-nature-small-foliage-green.png
38834	1	0	leaf-012-asset-embellishment-silk-green.png
81064	1	1	winter-arabesque-floral-paint-graphic-loops-writing-splat-splatter-flower-leaf-leaves-text-snow.png
55417	1	1	garden-party-pink-lace-asset-ribbon-embellishment-lacework-tatting-edge-trim-vintage-antique-scallop.png
245081	1	1	vintage-memories-wreath-sticker-01-graphic-flower-leaf-element-doodle-drawn-circle-wreath-frame.png
262209	1	1	cozy-at-home-paint-transfer-graphic-element-embellishment-flower-leaf-green-pink.png
84172	1	0	design-pieces-leaf-8-template-graphic-element-designer-resource-fall-autumn-gray.png
84558	1	1	insect-stamp-template-050-graphic-element-embellishment-watercolor-paint-garden-bug-nature-wings.png
19936	1	0	crisp-fall-air-sticker-leaf-06-asset-embellishment-leaves-autumn-patterned-brown-orange.png
103238	1	0	leaves-no-2-templates-leaf-14-graphic-oak-nature-element-template-gray.png
54264	1	0	pond-life-yellow-fabric-flower-2-asset-leaf-embellishment-ponds-nature-outdoors-summer-spring-walk.png
106070	1	0	paint-stamp-template-344-graphic-toolbox-greenery-floral-leaf-leaves-branch-stem-plant-spring.png
238905	0	1	playdough-flower-01-graphic-kids-element-yellow-green.png
19481	1	0	leaf-shape-mask-004-template-leaves.png
